STRING test of RBT, simple
RBT:
0: a2<2>(a2<2>)X
1: =a1*(a2<2>)L =a3*(a2<2>)R
debug: [[a1*] a2<2> [a3*]]
is a2 present? yes
deleting a3
RBT:
0: a2<2>(a2<2>)X
1: =a1*(a2<2>)L
debug: [[a1*] a2<2>]
is a2 present? yes
deleting a2
RBT:
0: a2(a2)X
1: =a1*(a2)L
debug: [[a1*] a2]
is a2 present? yes
size: 2
Duplicates: 0
Nodes: 2
Minimum depth: 0
Maximum depth: 1
